MIRRORED GAP 1.4m — angle -15deg, offset -0.5m.
Fresh pillar observations: [9, 12]
Temporary fixed lookahead: 0.6m

Candidate: CONTINUOUS VIA 3.0m
AUDIT: length=3.115m reverse=0.000m minimum=1.0828m intersections=0 endpoint_error=0.003m
AUDIT: length=10.101m reverse=0.000m minimum=0.1773m intersections=0 endpoint_error=0.013m
ACCEPTABLE CANDIDATE: CONTINUOUS VIA 3.0m; minimum=0.1773m

Candidate: CONTINUOUS VIA 3.5m
AUDIT: length=2.641m reverse=0.000m minimum=1.5985m intersections=0 endpoint_error=0.024m
AUDIT: length=10.149m reverse=0.000m minimum=0.1673m intersections=0 endpoint_error=0.013m
Rejected: Audit rejected: clearance 0.1673m < 0.17m

Candidate: CONTINUOUS VIA 4.0m
AUDIT: length=2.227m reverse=0.000m minimum=2.0578m intersections=0 endpoint_error=0.021m
AUDIT: length=10.195m reverse=0.000m minimum=0.1730m intersections=0 endpoint_error=0.013m
ACCEPTABLE CANDIDATE: CONTINUOUS VIA 4.0m; minimum=0.1730m
SELECTED: CONTINUOUS VIA 3.0m; planned minimum=0.1773m; execution guard=0.15m

TRIKE WILL MOVE — ANGLED PILLAR PASSAGE / LOOKAHEAD 0.6m
t=   0.5 clr=3.882 xte=0.025 heading_error=-1.05deg | NAV v=+0.100 w=+0.040 steer=+25.5deg age=0.05s | CM v=+0.100 w=+0.040 steer=+25.5deg age=0.03s | LIM v=+0.100 w=+0.040 steer=+25.5deg age=0.01s | MEASURED=+25.8deg age=0.01s
t=   1.0 clr=3.834 xte=0.027 heading_error=-2.94deg | NAV v=+0.100 w=+0.035 steer=+22.9deg age=0.00s | CM v=+0.100 w=+0.036 steer=+23.2deg age=0.03s | LIM v=+0.100 w=+0.036 steer=+23.2deg age=0.01s | MEASURED=+23.4deg age=0.01s
t=   1.5 clr=3.787 xte=0.029 heading_error=-2.00deg | NAV v=+0.100 w=+0.031 steer=+20.5deg age=0.00s | CM v=+0.100 w=+0.032 steer=+20.8deg age=0.04s | LIM v=+0.100 w=+0.032 steer=+20.8deg age=0.01s | MEASURED=+20.8deg age=0.00s
t=   2.0 clr=3.740 xte=0.031 heading_error=-1.15deg | NAV v=+0.100 w=+0.027 steer=+18.1deg age=0.00s | CM v=+0.100 w=+0.028 steer=+18.4deg age=0.04s | LIM v=+0.100 w=+0.028 steer=+18.4deg age=0.01s | MEASURED=+18.4deg age=0.00s
t=   2.5 clr=3.694 xte=0.032 heading_error=-0.41deg | NAV v=+0.100 w=+0.024 steer=+15.8deg age=0.00s | CM v=+0.100 w=+0.024 steer=+16.1deg age=0.03s | LIM v=+0.100 w=+0.024 steer=+16.1deg age=0.00s | MEASURED=+16.3deg age=0.02s
t=   3.0 clr=3.648 xte=0.033 heading_error=+0.22deg | NAV v=+0.100 w=+0.020 steer=+13.7deg age=0.00s | CM v=+0.100 w=+0.021 steer=+13.9deg age=0.04s | LIM v=+0.100 w=+0.021 steer=+13.9deg age=0.00s | MEASURED=+14.1deg age=0.02s
t=   3.5 clr=3.602 xte=0.033 heading_error=+0.77deg | NAV v=+0.100 w=+0.017 steer=+11.6deg age=0.00s | CM v=+0.100 w=+0.017 steer=+11.8deg age=0.04s | LIM v=+0.100 w=+0.017 steer=+11.8deg age=0.00s | MEASURED=+12.0deg age=0.02s
t=   4.0 clr=3.557 xte=0.033 heading_error=+1.23deg | NAV v=+0.100 w=+0.014 steer=+9.8deg age=0.00s | CM v=+0.100 w=+0.015 steer=+9.9deg age=0.04s | LIM v=+0.100 w=+0.015 steer=+9.9deg age=0.00s | MEASURED=+10.1deg age=0.02s
t=   4.5 clr=3.511 xte=0.032 heading_error=+1.61deg | NAV v=+0.100 w=+0.012 steer=+8.0deg age=0.00s | CM v=+0.100 w=+0.012 steer=+8.1deg age=0.03s | LIM v=+0.100 w=+0.012 steer=+8.1deg age=0.02s | MEASURED=+8.3deg age=0.02s
t=   5.0 clr=3.465 xte=0.031 heading_error=+1.92deg | NAV v=+0.100 w=+0.009 steer=+6.4deg age=0.00s | CM v=+0.100 w=+0.009 steer=+6.5deg age=0.03s | LIM v=+0.100 w=+0.009 steer=+6.5deg age=0.00s | MEASURED=+6.7deg age=0.02s
t=   5.5 clr=3.419 xte=0.030 heading_error=+2.16deg | NAV v=+0.100 w=+0.007 steer=+4.9deg age=0.01s | CM v=+0.100 w=+0.007 steer=+5.0deg age=0.04s | LIM v=+0.100 w=+0.007 steer=+5.0deg age=0.00s | MEASURED=+5.2deg age=0.02s
t=   6.0 clr=3.376 xte=0.028 heading_error=+2.34deg | NAV v=+0.100 w=+0.005 steer=+3.6deg age=0.01s | CM v=+0.100 w=+0.005 steer=+3.7deg age=0.04s | LIM v=+0.100 w=+0.005 steer=+3.7deg age=0.02s | MEASURED=+3.8deg age=0.02s
t=   6.5 clr=3.328 xte=0.026 heading_error=+2.48deg | NAV v=+0.100 w=+0.004 steer=+2.5deg age=0.01s | CM v=+0.100 w=+0.004 steer=+2.5deg age=0.04s | LIM v=+0.100 w=+0.004 steer=+2.5deg age=0.02s | MEASURED=+2.7deg age=0.02s
t=   7.0 clr=3.284 xte=0.025 heading_error=+2.56deg | NAV v=+0.100 w=+0.002 steer=+1.4deg age=0.01s | CM v=+0.100 w=+0.002 steer=+1.5deg age=0.04s | LIM v=+0.100 w=+0.002 steer=+1.5deg age=0.02s | MEASURED=+1.6deg age=0.02s
t=   7.5 clr=3.238 xte=0.023 heading_error=+2.61deg | NAV v=+0.100 w=+0.001 steer=+0.6deg age=0.01s | CM v=+0.100 w=+0.001 steer=+0.6deg age=0.04s | LIM v=+0.100 w=+0.001 steer=+0.6deg age=0.02s | MEASURED=+0.7deg age=0.02s
t=   8.0 clr=3.192 xte=0.021 heading_error=+2.62deg | NAV v=+0.100 w=-0.000 steer=-0.2deg age=0.01s | CM v=+0.100 w=-0.000 steer=-0.1deg age=0.05s | LIM v=+0.100 w=-0.000 steer=-0.1deg age=0.02s | MEASURED=-0.1deg age=0.02s
t=   8.5 clr=3.146 xte=0.019 heading_error=+2.61deg | NAV v=+0.100 w=-0.001 steer=-0.8deg age=0.01s | CM v=+0.100 w=-0.001 steer=-0.7deg age=0.05s | LIM v=+0.100 w=-0.001 steer=-0.7deg age=0.01s | MEASURED=-0.7deg age=0.01s
t=   9.0 clr=3.100 xte=0.018 heading_error=+2.57deg | NAV v=+0.100 w=-0.002 steer=-1.3deg age=0.02s | CM v=+0.100 w=-0.002 steer=-1.3deg age=0.06s | LIM v=+0.100 w=-0.002 steer=-1.3deg age=0.02s | MEASURED=-1.3deg age=0.01s
t=   9.5 clr=3.055 xte=0.016 heading_error=+2.51deg | NAV v=+0.100 w=-0.002 steer=-1.7deg age=0.03s | CM v=+0.100 w=-0.002 steer=-1.7deg age=0.02s | LIM v=+0.100 w=-0.002 steer=-1.7deg age=0.02s | MEASURED=-1.7deg age=0.02s
t=  10.0 clr=3.009 xte=0.014 heading_error=+2.43deg | NAV v=+0.100 w=-0.003 steer=-2.0deg age=0.03s | CM v=+0.100 w=-0.003 steer=-2.0deg age=0.02s | LIM v=+0.100 w=-0.003 steer=-2.0deg age=0.02s | MEASURED=-2.0deg age=0.02s
t=  10.5 clr=2.963 xte=0.013 heading_error=+2.34deg | NAV v=+0.100 w=-0.003 steer=-2.3deg age=0.03s | CM v=+0.100 w=-0.003 steer=-2.3deg age=0.01s | LIM v=+0.100 w=-0.003 steer=-2.3deg age=0.02s | MEASURED=-2.3deg age=0.01s
t=  11.0 clr=2.918 xte=0.011 heading_error=+2.24deg | NAV v=+0.100 w=-0.004 steer=-2.5deg age=0.04s | CM v=+0.100 w=-0.004 steer=-2.5deg age=0.02s | LIM v=+0.100 w=-0.004 steer=-2.5deg age=0.02s | MEASURED=-2.5deg age=0.02s
t=  11.5 clr=2.872 xte=0.010 heading_error=+2.13deg | NAV v=+0.100 w=-0.004 steer=-2.6deg age=0.04s | CM v=+0.100 w=-0.004 steer=-2.6deg age=0.03s | LIM v=+0.100 w=-0.004 steer=-2.6deg age=0.02s | MEASURED=-2.6deg age=0.02s
t=  12.0 clr=2.826 xte=0.008 heading_error=+2.02deg | NAV v=+0.100 w=-0.004 steer=-2.7deg age=0.04s | CM v=+0.100 w=-0.004 steer=-2.7deg age=0.03s | LIM v=+0.100 w=-0.004 steer=-2.7deg age=0.02s | MEASURED=-2.7deg age=0.02s
t=  12.5 clr=2.781 xte=0.007 heading_error=+1.91deg | NAV v=+0.100 w=-0.004 steer=-2.7deg age=0.05s | CM v=+0.100 w=-0.004 steer=-2.7deg age=0.03s | LIM v=+0.100 w=-0.004 steer=-2.7deg age=0.02s | MEASURED=-2.7deg age=0.02s
t=  13.1 clr=2.736 xte=0.006 heading_error=+1.80deg | NAV v=+0.100 w=-0.004 steer=-2.7deg age=0.05s | CM v=+0.100 w=-0.004 steer=-2.7deg age=0.03s | LIM v=+0.100 w=-0.004 steer=-2.7deg age=0.02s | MEASURED=-2.7deg age=0.02s
t=  13.6 clr=2.690 xte=0.005 heading_error=+1.69deg | NAV v=+0.100 w=-0.004 steer=-2.6deg age=0.01s | CM v=+0.100 w=-0.004 steer=-2.6deg age=0.04s | LIM v=+0.100 w=-0.004 steer=-2.6deg age=0.02s | MEASURED=-2.6deg age=0.02s
t=  14.1 clr=2.645 xte=0.004 heading_error=+1.58deg | NAV v=+0.100 w=-0.004 steer=-2.6deg age=0.01s | CM v=+0.100 w=-0.004 steer=-2.6deg age=0.04s | LIM v=+0.100 w=-0.004 steer=-2.6deg age=0.02s | MEASURED=-2.6deg age=0.02s
t=  14.6 clr=2.600 xte=0.003 heading_error=+1.47deg | NAV v=+0.100 w=-0.004 steer=-2.5deg age=0.01s | CM v=+0.100 w=-0.004 steer=-2.5deg age=0.04s | LIM v=+0.100 w=-0.004 steer=-2.5deg age=0.02s | MEASURED=-2.5deg age=0.02s
t=  15.1 clr=2.555 xte=0.002 heading_error=+1.37deg | NAV v=+0.100 w=-0.003 steer=-2.3deg age=0.01s | CM v=+0.100 w=-0.003 steer=-2.3deg age=0.03s | LIM v=+0.100 w=-0.003 steer=-2.3deg age=0.02s | MEASURED=-2.4deg age=0.02s
t=  15.6 clr=2.511 xte=0.002 heading_error=+1.27deg | NAV v=+0.100 w=-0.003 steer=-2.2deg age=0.01s | CM v=+0.100 w=-0.003 steer=-2.2deg age=0.03s | LIM v=+0.100 w=-0.003 steer=-2.2deg age=0.02s | MEASURED=-2.2deg age=0.02s
t=  16.1 clr=2.466 xte=0.001 heading_error=+1.18deg | NAV v=+0.100 w=-0.003 steer=-2.1deg age=0.01s | CM v=+0.100 w=-0.003 steer=-2.1deg age=0.05s | LIM v=+0.100 w=-0.003 steer=-2.1deg age=0.02s | MEASURED=-2.1deg age=0.02s
t=  16.6 clr=2.422 xte=0.001 heading_error=+1.10deg | NAV v=+0.100 w=-0.003 steer=-1.9deg age=0.01s | CM v=+0.100 w=-0.003 steer=-1.9deg age=0.05s | LIM v=+0.100 w=-0.003 steer=-1.9deg age=0.02s | MEASURED=-1.9deg age=0.02s
t=  17.1 clr=2.377 xte=0.000 heading_error=+1.02deg | NAV v=+0.100 w=-0.003 steer=-1.8deg age=0.01s | CM v=+0.100 w=-0.003 steer=-1.8deg age=0.05s | LIM v=+0.100 w=-0.003 steer=-1.8deg age=0.02s | MEASURED=-1.8deg age=0.02s
t=  17.6 clr=2.333 xte=0.000 heading_error=+0.95deg | NAV v=+0.100 w=-0.002 steer=-1.6deg age=0.01s | CM v=+0.100 w=-0.002 steer=-1.7deg age=0.05s | LIM v=+0.100 w=-0.002 steer=-1.7deg age=0.02s | MEASURED=-1.7deg age=0.02s
t=  18.1 clr=2.290 xte=0.000 heading_error=+0.88deg | NAV v=+0.100 w=-0.002 steer=-1.5deg age=0.01s | CM v=+0.100 w=-0.002 steer=-1.5deg age=0.05s | LIM v=+0.100 w=-0.002 steer=-1.5deg age=0.02s | MEASURED=-1.5deg age=0.02s
t=  18.6 clr=2.246 xte=0.001 heading_error=+0.82deg | NAV v=+0.100 w=-0.002 steer=-1.4deg age=0.01s | CM v=+0.100 w=-0.002 steer=-1.4deg age=0.05s | LIM v=+0.100 w=-0.002 steer=-1.4deg age=0.02s | MEASURED=-1.4deg age=0.02s
t=  19.1 clr=2.203 xte=0.001 heading_error=+0.77deg | NAV v=+0.100 w=-0.002 steer=-1.2deg age=0.01s | CM v=+0.100 w=-0.002 steer=-1.2deg age=0.05s | LIM v=+0.100 w=-0.002 steer=-1.2deg age=0.02s | MEASURED=-1.2deg age=0.02s
t=  19.6 clr=2.160 xte=0.001 heading_error=+0.72deg | NAV v=+0.100 w=-0.002 steer=-1.1deg age=0.02s | CM v=+0.100 w=-0.002 steer=-1.1deg age=0.06s | LIM v=+0.100 w=-0.002 steer=-1.1deg age=0.02s | MEASURED=-1.1deg age=0.02s
t=  20.1 clr=2.117 xte=0.001 heading_error=+0.68deg | NAV v=+0.100 w=-0.001 steer=-1.0deg age=0.02s | CM v=+0.100 w=-0.001 steer=-1.0deg age=0.06s | LIM v=+0.100 w=-0.001 steer=-1.0deg age=0.02s | MEASURED=-1.0deg age=0.02s
t=  20.6 clr=2.075 xte=0.001 heading_error=+0.64deg | NAV v=+0.100 w=-0.001 steer=-0.8deg age=0.02s | CM v=+0.100 w=-0.001 steer=-0.9deg age=0.06s | LIM v=+0.100 w=-0.001 steer=-0.9deg age=0.02s | MEASURED=-0.9deg age=0.02s
t=  21.1 clr=2.033 xte=0.001 heading_error=+0.61deg | NAV v=+0.100 w=-0.001 steer=-0.7deg age=0.02s | CM v=+0.100 w=-0.001 steer=-0.7deg age=0.06s | LIM v=+0.100 w=-0.001 steer=-0.7deg age=0.02s | MEASURED=-0.7deg age=0.02s
t=  21.6 clr=1.992 xte=0.001 heading_error=+0.58deg | NAV v=+0.100 w=-0.001 steer=-0.6deg age=0.02s | CM v=+0.100 w=-0.001 steer=-0.6deg age=0.06s | LIM v=+0.100 w=-0.001 steer=-0.6deg age=0.02s | MEASURED=-0.6deg age=0.02s
t=  22.1 clr=1.950 xte=0.001 heading_error=+0.55deg | NAV v=+0.100 w=-0.001 steer=-0.5deg age=0.02s | CM v=+0.100 w=-0.001 steer=-0.5deg age=0.06s | LIM v=+0.100 w=-0.001 steer=-0.5deg age=0.02s | MEASURED=-0.5deg age=0.02s
t=  22.6 clr=1.910 xte=0.001 heading_error=+0.53deg | NAV v=+0.100 w=-0.001 steer=-0.4deg age=0.02s | CM v=+0.100 w=-0.001 steer=-0.4deg age=0.01s | LIM v=+0.100 w=-0.001 steer=-0.5deg age=0.02s | MEASURED=-0.5deg age=0.02s
t=  23.1 clr=1.869 xte=0.001 heading_error=+0.51deg | NAV v=+0.100 w=-0.001 steer=-0.8deg age=0.02s | CM v=+0.100 w=-0.001 steer=-0.8deg age=0.01s | LIM v=+0.100 w=-0.001 steer=-0.7deg age=0.02s | MEASURED=-0.7deg age=0.02s
t=  23.6 clr=1.829 xte=0.001 heading_error=+0.47deg | NAV v=+0.100 w=-0.003 steer=-1.8deg age=0.02s | CM v=+0.100 w=-0.003 steer=-1.8deg age=0.01s | LIM v=+0.100 w=-0.002 steer=-1.6deg age=0.02s | MEASURED=-1.6deg age=0.02s
t=  24.1 clr=1.789 xte=0.001 heading_error=+0.37deg | NAV v=+0.100 w=-0.005 steer=-3.7deg age=0.02s | CM v=+0.100 w=-0.005 steer=-3.7deg age=0.01s | LIM v=+0.100 w=-0.005 steer=-3.5deg age=0.02s | MEASURED=-3.5deg age=0.02s
t=  24.6 clr=1.748 xte=0.001 heading_error=+0.16deg | NAV v=+0.100 w=-0.010 steer=-6.8deg age=0.02s | CM v=+0.100 w=-0.010 steer=-6.8deg age=0.01s | LIM v=+0.100 w=-0.010 steer=-6.5deg age=0.02s | MEASURED=-6.5deg age=0.02s
t=  25.1 clr=1.706 xte=0.001 heading_error=-0.17deg | NAV v=+0.100 w=-0.015 steer=-10.4deg age=0.02s | CM v=+0.100 w=-0.015 steer=-10.4deg age=0.01s | LIM v=+0.100 w=-0.015 steer=-10.0deg age=0.02s | MEASURED=-10.0deg age=0.02s
t=  25.6 clr=1.662 xte=0.000 heading_error=-0.66deg | NAV v=+0.100 w=-0.021 steer=-14.1deg age=0.03s | CM v=+0.100 w=-0.021 steer=-14.1deg age=0.02s | LIM v=+0.100 w=-0.020 steer=-13.8deg age=0.02s | MEASURED=-13.8deg age=0.02s
t=  26.1 clr=1.615 xte=0.002 heading_error=-1.35deg | NAV v=+0.100 w=-0.026 steer=-17.6deg age=0.03s | CM v=+0.100 w=-0.026 steer=-17.6deg age=0.02s | LIM v=+0.100 w=-0.026 steer=-17.6deg age=0.00s | MEASURED=-17.4deg age=0.02s
t=  26.6 clr=1.569 xte=0.004 heading_error=-2.12deg | NAV v=+0.100 w=-0.031 steer=-20.2deg age=0.03s | CM v=+0.100 w=-0.031 steer=-20.2deg age=0.02s | LIM v=+0.100 w=-0.030 steer=-20.0deg age=0.02s | MEASURED=-20.0deg age=0.02s
t=  27.1 clr=1.521 xte=0.006 heading_error=-3.02deg | NAV v=+0.100 w=-0.034 steer=-22.1deg age=0.03s | CM v=+0.100 w=-0.034 steer=-22.1deg age=0.02s | LIM v=+0.100 w=-0.034 steer=-22.0deg age=0.02s | MEASURED=-22.0deg age=0.02s
t=  27.6 clr=1.472 xte=0.010 heading_error=-3.99deg | NAV v=+0.100 w=-0.036 steer=-23.5deg age=0.03s | CM v=+0.100 w=-0.036 steer=-23.5deg age=0.02s | LIM v=+0.100 w=-0.036 steer=-23.4deg age=0.02s | MEASURED=-23.4deg age=0.02s
t=  28.1 clr=1.423 xte=0.014 heading_error=-5.02deg | NAV v=+0.100 w=-0.038 steer=-24.3deg age=0.02s | CM v=+0.100 w=-0.038 steer=-24.3deg age=0.00s | LIM v=+0.100 w=-0.038 steer=-24.3deg age=0.01s | MEASURED=-24.3deg age=0.01s
t=  28.6 clr=1.373 xte=0.019 heading_error=-6.07deg | NAV v=+0.100 w=-0.038 steer=-24.8deg age=0.03s | CM v=+0.100 w=-0.038 steer=-24.8deg age=0.01s | LIM v=+0.100 w=-0.038 steer=-24.7deg age=0.02s | MEASURED=-24.7deg age=0.02s
t=  29.1 clr=1.323 xte=0.024 heading_error=-4.70deg | NAV v=+0.100 w=-0.039 steer=-24.9deg age=0.03s | CM v=+0.100 w=-0.039 steer=-24.9deg age=0.01s | LIM v=+0.100 w=-0.039 steer=-24.9deg age=0.02s | MEASURED=-24.9deg age=0.02s
t=  29.6 clr=1.273 xte=0.029 heading_error=-2.11deg | NAV v=+0.100 w=-0.038 steer=-24.7deg age=0.03s | CM v=+0.100 w=-0.038 steer=-24.7deg age=0.01s | LIM v=+0.100 w=-0.038 steer=-24.8deg age=0.02s | MEASURED=-24.8deg age=0.02s
t=  30.1 clr=1.223 xte=0.031 heading_error=+0.32deg | NAV v=+0.100 w=-0.038 steer=-24.3deg age=0.04s | CM v=+0.100 w=-0.038 steer=-24.3deg age=0.02s | LIM v=+0.100 w=-0.038 steer=-24.4deg age=0.02s | MEASURED=-24.4deg age=0.02s
t=  30.6 clr=1.172 xte=0.029 heading_error=+3.08deg | NAV v=+0.100 w=-0.037 steer=-23.7deg age=0.04s | CM v=+0.100 w=-0.037 steer=-23.7deg age=0.02s | LIM v=+0.100 w=-0.037 steer=-23.7deg age=0.02s | MEASURED=-23.7deg age=0.02s
t=  31.1 clr=1.125 xte=0.026 heading_error=+5.65deg | NAV v=+0.100 w=-0.035 steer=-22.8deg age=0.04s | CM v=+0.100 w=-0.035 steer=-22.8deg age=0.02s | LIM v=+0.100 w=-0.035 steer=-23.0deg age=0.02s | MEASURED=-22.9deg age=0.02s
t=  31.6 clr=1.076 xte=0.021 heading_error=+7.74deg | NAV v=+0.100 w=-0.034 steer=-21.9deg age=0.04s | CM v=+0.100 w=-0.034 steer=-21.9deg age=0.02s | LIM v=+0.100 w=-0.034 steer=-22.0deg age=0.02s | MEASURED=-22.0deg age=0.02s
t=  32.1 clr=1.027 xte=0.015 heading_error=+6.82deg | NAV v=+0.100 w=-0.032 steer=-20.8deg age=0.04s | CM v=+0.100 w=-0.032 steer=-20.8deg age=0.01s | LIM v=+0.100 w=-0.032 steer=-20.9deg age=0.02s | MEASURED=-20.9deg age=0.02s
t=  32.6 clr=0.979 xte=0.009 heading_error=+5.95deg | NAV v=+0.100 w=-0.030 steer=-19.6deg age=0.04s | CM v=+0.100 w=-0.030 steer=-19.6deg age=0.03s | LIM v=+0.100 w=-0.030 steer=-19.6deg age=0.02s | MEASURED=-19.7deg age=0.02s
t=  33.1 clr=0.931 xte=0.004 heading_error=+5.13deg | NAV v=+0.100 w=-0.028 steer=-18.3deg age=0.04s | CM v=+0.100 w=-0.028 steer=-18.3deg age=0.03s | LIM v=+0.100 w=-0.028 steer=-18.3deg age=0.02s | MEASURED=-18.4deg age=0.02s
t=  33.6 clr=0.883 xte=0.000 heading_error=+4.37deg | NAV v=+0.100 w=-0.025 steer=-17.0deg age=0.04s | CM v=+0.100 w=-0.025 steer=-17.0deg age=0.03s | LIM v=+0.100 w=-0.025 steer=-17.0deg age=0.02s | MEASURED=-17.1deg age=0.02s
t=  34.1 clr=0.834 xte=0.003 heading_error=+3.64deg | NAV v=+0.100 w=-0.023 steer=-15.7deg age=0.04s | CM v=+0.100 w=-0.023 steer=-15.7deg age=0.03s | LIM v=+0.100 w=-0.023 steer=-15.7deg age=0.02s | MEASURED=-15.8deg age=0.02s
t=  34.6 clr=0.794 xte=0.004 heading_error=+3.00deg | NAV v=+0.100 w=-0.021 steer=-13.9deg age=0.04s | CM v=+0.100 w=-0.021 steer=-13.9deg age=0.03s | LIM v=+0.100 w=-0.021 steer=-13.9deg age=0.02s | MEASURED=-14.4deg age=0.02s
t=  35.1 clr=0.747 xte=0.006 heading_error=+2.46deg | NAV v=+0.100 w=-0.018 steer=-12.1deg age=0.05s | CM v=+0.100 w=-0.018 steer=-12.1deg age=0.04s | LIM v=+0.100 w=-0.018 steer=-12.1deg age=0.02s | MEASURED=-12.2deg age=0.02s
t=  35.6 clr=0.702 xte=0.008 heading_error=+1.99deg | NAV v=+0.100 w=-0.016 steer=-11.0deg age=0.05s | CM v=+0.100 w=-0.016 steer=-11.0deg age=0.04s | LIM v=+0.100 w=-0.016 steer=-11.0deg age=0.02s | MEASURED=-11.1deg age=0.02s
t=  36.1 clr=0.653 xte=0.010 heading_error=+1.55deg | NAV v=+0.100 w=-0.014 steer=-9.8deg age=0.05s | CM v=+0.100 w=-0.014 steer=-9.8deg age=0.04s | LIM v=+0.100 w=-0.014 steer=-9.8deg age=0.02s | MEASURED=-9.9deg age=0.02s
t=  36.6 clr=0.603 xte=0.011 heading_error=+1.16deg | NAV v=+0.100 w=-0.013 steer=-8.7deg age=0.05s | CM v=+0.100 w=-0.013 steer=-8.7deg age=0.04s | LIM v=+0.100 w=-0.013 steer=-8.7deg age=0.02s | MEASURED=-8.8deg age=0.02s
t=  37.1 clr=0.553 xte=0.012 heading_error=+0.81deg | NAV v=+0.100 w=-0.011 steer=-7.7deg age=0.05s | CM v=+0.100 w=-0.011 steer=-7.7deg age=0.04s | LIM v=+0.100 w=-0.011 steer=-7.7deg age=0.02s | MEASURED=-7.8deg age=0.02s
t=  37.6 clr=0.505 xte=0.012 heading_error=+0.50deg | NAV v=+0.100 w=-0.010 steer=-6.7deg age=0.05s | CM v=+0.100 w=-0.010 steer=-6.7deg age=0.03s | LIM v=+0.100 w=-0.010 steer=-6.7deg age=0.02s | MEASURED=-6.8deg age=0.01s
t=  38.1 clr=0.458 xte=0.012 heading_error=+0.24deg | NAV v=+0.100 w=-0.008 steer=-5.8deg age=0.05s | CM v=+0.100 w=-0.008 steer=-5.8deg age=0.04s | LIM v=+0.100 w=-0.008 steer=-5.8deg age=0.02s | MEASURED=-5.8deg age=0.02s
t=  38.6 clr=0.413 xte=0.013 heading_error=+0.01deg | NAV v=+0.100 w=-0.007 steer=-4.9deg age=0.05s | CM v=+0.100 w=-0.007 steer=-4.9deg age=0.04s | LIM v=+0.100 w=-0.007 steer=-4.9deg age=0.02s | MEASURED=-5.0deg age=0.02s
t=  39.1 clr=0.369 xte=0.012 heading_error=-0.18deg | NAV v=+0.100 w=-0.006 steer=-4.1deg age=0.05s | CM v=+0.100 w=-0.006 steer=-4.1deg age=0.03s | LIM v=+0.100 w=-0.006 steer=-4.1deg age=0.02s | MEASURED=-4.2deg age=0.02s
t=  39.6 clr=0.327 xte=0.012 heading_error=-0.34deg | NAV v=+0.100 w=-0.005 steer=-3.3deg age=0.00s | CM v=+0.100 w=-0.005 steer=-3.4deg age=0.03s | LIM v=+0.100 w=-0.005 steer=-3.4deg age=0.02s | MEASURED=-3.5deg age=0.02s
t=  40.1 clr=0.288 xte=0.012 heading_error=-0.47deg | NAV v=+0.100 w=-0.004 steer=-2.7deg age=0.00s | CM v=+0.100 w=-0.004 steer=-2.7deg age=0.03s | LIM v=+0.100 w=-0.004 steer=-2.7deg age=0.02s | MEASURED=-2.8deg age=0.02s
t=  40.6 clr=0.250 xte=0.011 heading_error=-0.57deg | NAV v=+0.100 w=-0.003 steer=-2.1deg age=0.00s | CM v=+0.100 w=-0.003 steer=-2.1deg age=0.03s | LIM v=+0.100 w=-0.003 steer=-2.1deg age=0.02s | MEASURED=-2.2deg age=0.02s
t=  41.1 clr=0.215 xte=0.011 heading_error=-0.65deg | NAV v=+0.100 w=-0.002 steer=-1.6deg age=0.00s | CM v=+0.100 w=-0.002 steer=-1.6deg age=0.03s | LIM v=+0.100 w=-0.002 steer=-1.6deg age=0.02s | MEASURED=-1.7deg age=0.02s
t=  41.6 clr=0.187 xte=0.010 heading_error=-0.71deg | NAV v=+0.100 w=-0.002 steer=-1.1deg age=0.00s | CM v=+0.100 w=-0.002 steer=-1.1deg age=0.03s | LIM v=+0.100 w=-0.002 steer=-1.1deg age=0.02s | MEASURED=-1.2deg age=0.02s
t=  42.1 clr=0.169 xte=0.010 heading_error=-0.75deg | NAV v=+0.100 w=-0.001 steer=-0.7deg age=0.01s | CM v=+0.100 w=-0.001 steer=-0.7deg age=0.04s | LIM v=+0.100 w=-0.001 steer=-0.7deg age=0.02s | MEASURED=-0.8deg age=0.02s
t=  42.6 clr=0.164 xte=0.009 heading_error=-0.78deg | NAV v=+0.100 w=-0.000 steer=-0.3deg age=0.01s | CM v=+0.100 w=-0.001 steer=-0.4deg age=0.03s | LIM v=+0.100 w=-0.001 steer=-0.4deg age=0.02s | MEASURED=-0.4deg age=0.02s
t=  43.1 clr=0.163 xte=0.008 heading_error=-0.79deg | NAV v=+0.100 w=-0.000 steer=-0.0deg age=0.01s | CM v=+0.100 w=-0.000 steer=-0.0deg age=0.04s | LIM v=+0.100 w=-0.000 steer=-0.0deg age=0.02s | MEASURED=-0.1deg age=0.02s
t=  43.6 clr=0.163 xte=0.008 heading_error=-0.78deg | NAV v=+0.100 w=+0.000 steer=+0.2deg age=0.01s | CM v=+0.100 w=+0.000 steer=+0.2deg age=0.04s | LIM v=+0.100 w=+0.000 steer=+0.2deg age=0.02s | MEASURED=+0.2deg age=0.02s
t=  44.1 clr=0.162 xte=0.007 heading_error=-0.77deg | NAV v=+0.100 w=+0.001 steer=+0.4deg age=0.01s | CM v=+0.100 w=+0.001 steer=+0.4deg age=0.04s | LIM v=+0.100 w=+0.001 steer=+0.4deg age=0.02s | MEASURED=+0.4deg age=0.02s
t=  44.6 clr=0.162 xte=0.006 heading_error=-0.75deg | NAV v=+0.100 w=+0.001 steer=+0.6deg age=0.01s | CM v=+0.100 w=+0.001 steer=+0.6deg age=0.04s | LIM v=+0.100 w=+0.001 steer=+0.6deg age=0.02s | MEASURED=+0.6deg age=0.02s
t=  45.1 clr=0.162 xte=0.006 heading_error=-0.72deg | NAV v=+0.100 w=+0.001 steer=+0.8deg age=0.01s | CM v=+0.100 w=+0.001 steer=+0.7deg age=0.04s | LIM v=+0.100 w=+0.001 steer=+0.7deg age=0.02s | MEASURED=+0.7deg age=0.02s
t=  45.6 clr=0.163 xte=0.005 heading_error=-0.69deg | NAV v=+0.100 w=+0.001 steer=+0.9deg age=0.01s | CM v=+0.100 w=+0.001 steer=+0.9deg age=0.04s | LIM v=+0.100 w=+0.001 steer=+0.9deg age=0.02s | MEASURED=+0.8deg age=0.02s
t=  46.1 clr=0.163 xte=0.004 heading_error=-0.65deg | NAV v=+0.100 w=+0.001 steer=+0.9deg age=0.01s | CM v=+0.100 w=+0.001 steer=+0.9deg age=0.04s | LIM v=+0.100 w=+0.001 steer=+0.9deg age=0.02s | MEASURED=+0.9deg age=0.02s
t=  46.6 clr=0.164 xte=0.004 heading_error=-0.61deg | NAV v=+0.100 w=+0.001 steer=+1.0deg age=0.01s | CM v=+0.100 w=+0.001 steer=+1.0deg age=0.04s | LIM v=+0.100 w=+0.001 steer=+1.0deg age=0.02s | MEASURED=+1.0deg age=0.02s
t=  47.1 clr=0.164 xte=0.003 heading_error=-0.57deg | NAV v=+0.100 w=+0.001 steer=+1.0deg age=0.01s | CM v=+0.100 w=+0.001 steer=+1.0deg age=0.04s | LIM v=+0.100 w=+0.001 steer=+1.0deg age=0.02s | MEASURED=+1.0deg age=0.02s
t=  47.6 clr=0.165 xte=0.003 heading_error=-0.53deg | NAV v=+0.100 w=+0.002 steer=+1.1deg age=0.01s | CM v=+0.100 w=+0.002 steer=+1.1deg age=0.05s | LIM v=+0.100 w=+0.002 steer=+1.1deg age=0.02s | MEASURED=+1.1deg age=0.02s
t=  48.1 clr=0.166 xte=0.002 heading_error=-0.49deg | NAV v=+0.100 w=+0.002 steer=+1.1deg age=0.01s | CM v=+0.100 w=+0.002 steer=+1.1deg age=0.05s | LIM v=+0.100 w=+0.002 steer=+1.1deg age=0.02s | MEASURED=+1.1deg age=0.02s
t=  48.6 clr=0.167 xte=0.002 heading_error=-0.45deg | NAV v=+0.100 w=+0.002 steer=+1.1deg age=0.01s | CM v=+0.100 w=+0.002 steer=+1.1deg age=0.05s | LIM v=+0.100 w=+0.002 steer=+1.1deg age=0.02s | MEASURED=+1.1deg age=0.02s
t=  49.1 clr=0.168 xte=0.002 heading_error=-0.40deg | NAV v=+0.100 w=+0.001 steer=+1.0deg age=0.01s | CM v=+0.100 w=+0.001 steer=+1.0deg age=0.05s | LIM v=+0.100 w=+0.001 steer=+1.0deg age=0.02s | MEASURED=+1.0deg age=0.02s
t=  49.6 clr=0.169 xte=0.001 heading_error=-0.36deg | NAV v=+0.100 w=+0.001 steer=+1.0deg age=0.01s | CM v=+0.100 w=+0.001 steer=+1.0deg age=0.05s | LIM v=+0.100 w=+0.001 steer=+1.0deg age=0.02s | MEASURED=+1.0deg age=0.02s
t=  50.1 clr=0.170 xte=0.001 heading_error=-0.32deg | NAV v=+0.100 w=+0.001 steer=+1.0deg age=0.02s | CM v=+0.100 w=+0.001 steer=+1.0deg age=0.06s | LIM v=+0.100 w=+0.001 steer=+1.0deg age=0.02s | MEASURED=+1.0deg age=0.02s
t=  50.6 clr=0.171 xte=0.001 heading_error=-0.29deg | NAV v=+0.100 w=+0.001 steer=+0.9deg age=0.02s | CM v=+0.100 w=+0.001 steer=+0.9deg age=0.06s | LIM v=+0.100 w=+0.001 steer=+0.9deg age=0.02s | MEASURED=+0.9deg age=0.02s
t=  51.1 clr=0.172 xte=0.001 heading_error=-0.25deg | NAV v=+0.100 w=+0.001 steer=+0.9deg age=0.02s | CM v=+0.100 w=+0.001 steer=+0.9deg age=0.06s | LIM v=+0.100 w=+0.001 steer=+0.9deg age=0.02s | MEASURED=+0.9deg age=0.02s
t=  51.6 clr=0.173 xte=0.000 heading_error=-0.22deg | NAV v=+0.100 w=+0.001 steer=+0.8deg age=0.02s | CM v=+0.100 w=+0.001 steer=+0.8deg age=0.06s | LIM v=+0.100 w=+0.001 steer=+0.8deg age=0.02s | MEASURED=+0.8deg age=0.02s
t=  52.1 clr=0.174 xte=0.000 heading_error=-0.19deg | NAV v=+0.100 w=+0.001 steer=+0.8deg age=0.02s | CM v=+0.100 w=+0.001 steer=+0.8deg age=0.06s | LIM v=+0.100 w=+0.001 steer=+0.8deg age=0.02s | MEASURED=+0.8deg age=0.02s
t=  52.6 clr=0.174 xte=0.000 heading_error=-0.16deg | NAV v=+0.100 w=+0.001 steer=+0.7deg age=0.02s | CM v=+0.100 w=+0.001 steer=+0.7deg age=0.06s | LIM v=+0.100 w=+0.001 steer=+0.7deg age=0.02s | MEASURED=+0.7deg age=0.02s
t=  53.1 clr=0.175 xte=0.000 heading_error=-0.13deg | NAV v=+0.100 w=+0.001 steer=+0.7deg age=0.02s | CM v=+0.100 w=+0.001 steer=+0.7deg age=0.06s | LIM v=+0.100 w=+0.001 steer=+0.7deg age=0.02s | MEASURED=+0.7deg age=0.02s
t=  53.6 clr=0.176 xte=0.000 heading_error=-0.11deg | NAV v=+0.100 w=+0.001 steer=+0.6deg age=0.02s | CM v=+0.100 w=+0.001 steer=+0.6deg age=0.06s | LIM v=+0.100 w=+0.001 steer=+0.6deg age=0.02s | MEASURED=+0.6deg age=0.02s
t=  54.1 clr=0.176 xte=0.000 heading_error=-0.09deg | NAV v=+0.100 w=+0.001 steer=+0.6deg age=0.02s | CM v=+0.100 w=+0.001 steer=+0.6deg age=0.06s | LIM v=+0.100 w=+0.001 steer=+0.6deg age=0.02s | MEASURED=+0.6deg age=0.02s
t=  54.6 clr=0.177 xte=0.000 heading_error=-0.07deg | NAV v=+0.100 w=+0.001 steer=+0.5deg age=0.02s | CM v=+0.100 w=+0.001 steer=+0.5deg age=0.01s | LIM v=+0.100 w=+0.001 steer=+0.5deg age=0.02s | MEASURED=+0.5deg age=0.02s
t=  55.1 clr=0.177 xte=0.000 heading_error=-0.06deg | NAV v=+0.100 w=+0.001 steer=+0.5deg age=0.02s | CM v=+0.100 w=+0.001 steer=+0.5deg age=0.05s | LIM v=+0.100 w=+0.001 steer=+0.5deg age=0.02s | MEASURED=+0.5deg age=0.02s
t=  55.6 clr=0.177 xte=0.000 heading_error=-0.04deg | NAV v=+0.100 w=+0.001 steer=+0.4deg age=0.02s | CM v=+0.100 w=+0.001 steer=+0.4deg age=0.01s | LIM v=+0.100 w=+0.001 steer=+0.5deg age=0.02s | MEASURED=+0.5deg age=0.02s
t=  56.1 clr=0.177 xte=0.000 heading_error=-0.03deg | NAV v=+0.100 w=+0.001 steer=+0.4deg age=0.02s | CM v=+0.100 w=+0.001 steer=+0.4deg age=0.01s | LIM v=+0.100 w=+0.001 steer=+0.4deg age=0.00s | MEASURED=+0.4deg age=0.02s
t=  56.6 clr=0.177 xte=0.000 heading_error=-0.02deg | NAV v=+0.100 w=+0.001 steer=+0.4deg age=0.02s | CM v=+0.100 w=+0.001 steer=+0.4deg age=0.01s | LIM v=+0.100 w=+0.001 steer=+0.4deg age=0.02s | MEASURED=+0.4deg age=0.02s
t=  57.1 clr=0.177 xte=0.000 heading_error=-0.01deg | NAV v=+0.100 w=+0.000 steer=+0.3deg age=0.03s | CM v=+0.100 w=+0.000 steer=+0.3deg age=0.02s | LIM v=+0.100 w=+0.000 steer=+0.3deg age=0.02s | MEASURED=+0.3deg age=0.02s
t=  57.6 clr=0.177 xte=0.001 heading_error=-0.01deg | NAV v=+0.100 w=+0.000 steer=+0.3deg age=0.02s | CM v=+0.100 w=+0.000 steer=+0.3deg age=0.02s | LIM v=+0.100 w=+0.000 steer=+0.3deg age=0.02s | MEASURED=+0.3deg age=0.02s
t=  58.1 clr=0.177 xte=0.001 heading_error=+0.00deg | NAV v=+0.100 w=+0.000 steer=+0.2deg age=0.03s | CM v=+0.100 w=+0.000 steer=+0.2deg age=0.02s | LIM v=+0.100 w=+0.000 steer=+0.2deg age=0.02s | MEASURED=+0.2deg age=0.02s
t=  58.6 clr=0.177 xte=0.000 heading_error=+0.00deg | NAV v=+0.100 w=+0.000 steer=+0.2deg age=0.03s | CM v=+0.100 w=+0.000 steer=+0.2deg age=0.02s | LIM v=+0.100 w=+0.000 steer=+0.2deg age=0.02s | MEASURED=+0.2deg age=0.02s
t=  59.1 clr=0.177 xte=0.000 heading_error=+0.01deg | NAV v=+0.100 w=+0.000 steer=+0.2deg age=0.03s | CM v=+0.100 w=+0.000 steer=+0.2deg age=0.02s | LIM v=+0.100 w=+0.000 steer=+0.2deg age=0.02s | MEASURED=+0.2deg age=0.02s
t=  59.6 clr=0.177 xte=0.000 heading_error=+0.01deg | NAV v=+0.100 w=+0.000 steer=+0.2deg age=0.03s | CM v=+0.100 w=+0.000 steer=+0.2deg age=0.02s | LIM v=+0.100 w=+0.000 steer=+0.2deg age=0.02s | MEASURED=+0.2deg age=0.02s
t=  60.1 clr=0.177 xte=0.000 heading_error=+0.02deg | NAV v=+0.100 w=+0.000 steer=+0.1deg age=0.03s | CM v=+0.100 w=+0.000 steer=+0.1deg age=0.02s | LIM v=+0.100 w=+0.000 steer=+0.1deg age=0.02s | MEASURED=+0.1deg age=0.02s
t=  60.6 clr=0.177 xte=0.000 heading_error=+0.02deg | NAV v=+0.100 w=+0.000 steer=+0.1deg age=0.03s | CM v=+0.100 w=+0.000 steer=+0.1deg age=0.02s | LIM v=+0.100 w=+0.000 steer=+0.1deg age=0.02s | MEASURED=+0.1deg age=0.02s
t=  61.1 clr=0.177 xte=0.000 heading_error=+0.02deg | NAV v=+0.100 w=+0.000 steer=+0.1deg age=0.03s | CM v=+0.100 w=+0.000 steer=+0.1deg age=0.01s | LIM v=+0.100 w=+0.000 steer=+0.1deg age=0.02s | MEASURED=+0.1deg age=0.02s
t=  61.6 clr=0.177 xte=0.000 heading_error=+0.02deg | NAV v=+0.100 w=+0.000 steer=+0.1deg age=0.03s | CM v=+0.100 w=+0.000 steer=+0.1deg age=0.01s | LIM v=+0.100 w=+0.000 steer=+0.1deg age=0.02s | MEASURED=+0.1deg age=0.02s
t=  62.1 clr=0.177 xte=0.000 heading_error=+0.03deg | NAV v=+0.100 w=+0.000 steer=+0.0deg age=0.03s | CM v=+0.100 w=+0.000 steer=+0.0deg age=0.01s | LIM v=+0.100 w=+0.000 steer=+0.0deg age=0.02s | MEASURED=+0.0deg age=0.02s
t=  62.6 clr=0.177 xte=0.000 heading_error=+0.03deg | NAV v=+0.100 w=+0.000 steer=+0.0deg age=0.03s | CM v=+0.100 w=+0.000 steer=+0.0deg age=0.01s | LIM v=+0.100 w=+0.000 steer=+0.0deg age=0.02s | MEASURED=+0.0deg age=0.02s
t=  63.1 clr=0.177 xte=0.000 heading_error=+0.03deg | NAV v=+0.100 w=+0.000 steer=+0.0deg age=0.03s | CM v=+0.100 w=+0.000 steer=+0.0deg age=0.01s | LIM v=+0.100 w=+0.000 steer=+0.0deg age=0.02s | MEASURED=+0.0deg age=0.02s
t=  63.6 clr=0.178 xte=0.000 heading_error=+0.03deg | NAV v=+0.100 w=+0.000 steer=+0.0deg age=0.04s | CM v=+0.100 w=+0.000 steer=+0.0deg age=0.01s | LIM v=+0.100 w=+0.000 steer=+0.0deg age=0.02s | MEASURED=+0.0deg age=0.02s
t=  64.1 clr=0.178 xte=0.000 heading_error=+0.03deg | NAV v=+0.100 w=-0.000 steer=-0.0deg age=0.04s | CM v=+0.100 w=-0.000 steer=-0.0deg age=0.02s | LIM v=+0.100 w=-0.000 steer=-0.0deg age=0.02s | MEASURED=-0.0deg age=0.02s
t=  64.6 clr=0.178 xte=0.000 heading_error=+0.03deg | NAV v=+0.100 w=-0.000 steer=-0.0deg age=0.04s | CM v=+0.100 w=-0.000 steer=-0.0deg age=0.02s | LIM v=+0.100 w=-0.000 steer=-0.0deg age=0.02s | MEASURED=-0.0deg age=0.02s
t=  65.1 clr=0.178 xte=0.000 heading_error=+0.03deg | NAV v=+0.100 w=-0.000 steer=-0.0deg age=0.04s | CM v=+0.100 w=-0.000 steer=-0.0deg age=0.02s | LIM v=+0.100 w=-0.000 steer=-0.0deg age=0.02s | MEASURED=-0.0deg age=0.02s
t=  65.6 clr=0.178 xte=0.000 heading_error=+0.03deg | NAV v=+0.100 w=-0.000 steer=-0.0deg age=0.04s | CM v=+0.100 w=-0.000 steer=-0.0deg age=0.02s | LIM v=+0.100 w=-0.000 steer=-0.0deg age=0.02s | MEASURED=-0.0deg age=0.02s
t=  66.1 clr=0.178 xte=0.000 heading_error=+0.02deg | NAV v=+0.100 w=-0.000 steer=-0.0deg age=0.04s | CM v=+0.100 w=-0.000 steer=-0.0deg age=0.02s | LIM v=+0.100 w=-0.000 steer=-0.0deg age=0.02s | MEASURED=-0.0deg age=0.02s
t=  66.6 clr=0.178 xte=0.000 heading_error=+0.02deg | NAV v=+0.100 w=-0.000 steer=-0.0deg age=0.04s | CM v=+0.100 w=-0.000 steer=-0.0deg age=0.02s | LIM v=+0.100 w=-0.000 steer=-0.0deg age=0.02s | MEASURED=-0.0deg age=0.02s
t=  67.1 clr=0.178 xte=0.000 heading_error=+0.02deg | NAV v=+0.100 w=-0.000 steer=-0.0deg age=0.04s | CM v=+0.100 w=-0.000 steer=-0.0deg age=0.02s | LIM v=+0.100 w=-0.000 steer=-0.0deg age=0.02s | MEASURED=-0.0deg age=0.02s
t=  67.6 clr=0.178 xte=0.000 heading_error=+0.02deg | NAV v=+0.100 w=-0.000 steer=-0.0deg age=0.04s | CM v=+0.100 w=-0.000 steer=-0.0deg age=0.02s | LIM v=+0.100 w=-0.000 steer=-0.0deg age=0.02s | MEASURED=-0.0deg age=0.02s
t=  68.1 clr=0.179 xte=0.000 heading_error=+0.02deg | NAV v=+0.100 w=-0.000 steer=-0.0deg age=0.04s | CM v=+0.100 w=-0.000 steer=-0.0deg age=0.03s | LIM v=+0.100 w=-0.000 steer=-0.0deg age=0.00s | MEASURED=-0.0deg age=0.02s
t=  68.6 clr=0.179 xte=0.000 heading_error=+0.02deg | NAV v=+0.100 w=-0.000 steer=-0.0deg age=0.04s | CM v=+0.100 w=-0.000 steer=-0.0deg age=0.03s | LIM v=+0.100 w=-0.000 steer=-0.0deg age=0.02s | MEASURED=-0.0deg age=0.02s
t=  69.1 clr=0.190 xte=0.000 heading_error=+0.02deg | NAV v=+0.100 w=-0.000 steer=-0.0deg age=0.04s | CM v=+0.100 w=-0.000 steer=-0.0deg age=0.03s | LIM v=+0.100 w=-0.000 steer=-0.0deg age=0.02s | MEASURED=-0.0deg age=0.02s
t=  69.6 clr=0.212 xte=0.000 heading_error=+0.02deg | NAV v=+0.100 w=-0.000 steer=-0.0deg age=0.04s | CM v=+0.100 w=-0.000 steer=-0.0deg age=0.03s | LIM v=+0.100 w=-0.000 steer=-0.0deg age=0.02s | MEASURED=-0.0deg age=0.02s
t=  70.1 clr=0.243 xte=0.000 heading_error=+0.01deg | NAV v=+0.100 w=-0.000 steer=-0.0deg age=0.04s | CM v=+0.100 w=-0.000 steer=-0.0deg age=0.03s | LIM v=+0.100 w=-0.000 steer=-0.0deg age=0.02s | MEASURED=-0.0deg age=0.02s
t=  70.6 clr=0.279 xte=0.000 heading_error=+0.01deg | NAV v=+0.100 w=-0.000 steer=-0.0deg age=0.04s | CM v=+0.100 w=-0.000 steer=-0.0deg age=0.03s | LIM v=+0.100 w=-0.000 steer=-0.0deg age=0.02s | MEASURED=-0.0deg age=0.02s
t=  71.1 clr=0.318 xte=0.000 heading_error=+0.01deg | NAV v=+0.100 w=-0.000 steer=-0.0deg age=0.04s | CM v=+0.100 w=-0.000 steer=-0.0deg age=0.03s | LIM v=+0.100 w=-0.000 steer=-0.0deg age=0.02s | MEASURED=-0.0deg age=0.02s
t=  71.6 clr=0.360 xte=0.000 heading_error=+0.01deg | NAV v=+0.100 w=-0.000 steer=-0.0deg age=0.05s | CM v=+0.100 w=-0.000 steer=-0.0deg age=0.04s | LIM v=+0.100 w=-0.000 steer=-0.0deg age=0.02s | MEASURED=-0.0deg age=0.02s
t=  72.1 clr=0.404 xte=0.000 heading_error=+0.01deg | NAV v=+0.100 w=-0.000 steer=-0.0deg age=0.05s | CM v=+0.100 w=-0.000 steer=-0.0deg age=0.04s | LIM v=+0.100 w=-0.000 steer=-0.0deg age=0.02s | MEASURED=-0.0deg age=0.02s
t=  72.6 clr=0.450 xte=0.000 heading_error=+0.01deg | NAV v=+0.100 w=-0.000 steer=-0.0deg age=0.05s | CM v=+0.100 w=-0.000 steer=-0.0deg age=0.04s | LIM v=+0.100 w=-0.000 steer=-0.0deg age=0.02s | MEASURED=-0.0deg age=0.02s
t=  73.1 clr=0.496 xte=0.000 heading_error=+0.01deg | NAV v=+0.100 w=-0.000 steer=-0.0deg age=0.05s | CM v=+0.100 w=-0.000 steer=-0.0deg age=0.04s | LIM v=+0.100 w=-0.000 steer=-0.0deg age=0.02s | MEASURED=-0.0deg age=0.02s
t=  73.6 clr=0.543 xte=0.000 heading_error=+0.01deg | NAV v=+0.100 w=-0.000 steer=-0.0deg age=0.05s | CM v=+0.100 w=-0.000 steer=-0.0deg age=0.04s | LIM v=+0.100 w=-0.000 steer=-0.0deg age=0.02s | MEASURED=-0.0deg age=0.02s
t=  74.1 clr=0.590 xte=0.000 heading_error=+0.00deg | NAV v=+0.100 w=-0.000 steer=-0.0deg age=0.05s | CM v=+0.100 w=-0.000 steer=-0.0deg age=0.04s | LIM v=+0.100 w=-0.000 steer=-0.0deg age=0.02s | MEASURED=-0.0deg age=0.02s
t=  74.6 clr=0.638 xte=0.000 heading_error=+0.00deg | NAV v=+0.100 w=-0.000 steer=-0.0deg age=0.05s | CM v=+0.100 w=-0.000 steer=-0.0deg age=0.04s | LIM v=+0.100 w=-0.000 steer=-0.0deg age=0.02s | MEASURED=-0.0deg age=0.02s
t=  75.2 clr=0.686 xte=0.000 heading_error=+0.00deg | NAV v=+0.100 w=-0.000 steer=-0.0deg age=0.05s | CM v=+0.100 w=-0.000 steer=-0.0deg age=0.04s | LIM v=+0.100 w=-0.000 steer=-0.0deg age=0.02s | MEASURED=-0.0deg age=0.02s
t=  75.7 clr=0.734 xte=0.000 heading_error=+0.00deg | NAV v=+0.100 w=-0.000 steer=-0.0deg age=0.05s | CM v=+0.100 w=-0.000 steer=-0.0deg age=0.03s | LIM v=+0.100 w=-0.000 steer=-0.0deg age=0.02s | MEASURED=-0.0deg age=0.02s
t=  76.2 clr=0.783 xte=0.000 heading_error=+0.00deg | NAV v=+0.100 w=-0.000 steer=-0.0deg age=0.05s | CM v=+0.100 w=-0.000 steer=-0.0deg age=0.03s | LIM v=+0.100 w=-0.000 steer=-0.0deg age=0.02s | MEASURED=-0.0deg age=0.02s
t=  76.7 clr=0.831 xte=0.000 heading_error=+0.00deg | NAV v=+0.100 w=-0.000 steer=-0.0deg age=0.00s | CM v=+0.100 w=-0.000 steer=-0.0deg age=0.03s | LIM v=+0.100 w=-0.000 steer=-0.0deg age=0.02s | MEASURED=-0.0deg age=0.02s
t=  77.2 clr=0.880 xte=0.000 heading_error=+0.00deg | NAV v=+0.100 w=-0.000 steer=-0.0deg age=0.00s | CM v=+0.100 w=-0.000 steer=-0.0deg age=0.03s | LIM v=+0.100 w=-0.000 steer=-0.0deg age=0.02s | MEASURED=-0.0deg age=0.02s
t=  77.7 clr=0.929 xte=0.000 heading_error=+0.00deg | NAV v=+0.100 w=-0.000 steer=-0.0deg age=0.00s | CM v=+0.100 w=-0.000 steer=-0.0deg age=0.03s | LIM v=+0.100 w=-0.000 steer=-0.0deg age=0.02s | MEASURED=-0.0deg age=0.02s
t=  78.2 clr=0.978 xte=0.000 heading_error=+0.00deg | NAV v=+0.100 w=-0.000 steer=-0.0deg age=0.00s | CM v=+0.100 w=-0.000 steer=-0.0deg age=0.03s | LIM v=+0.100 w=-0.000 steer=-0.0deg age=0.02s | MEASURED=-0.0deg age=0.01s
t=  78.7 clr=1.027 xte=0.000 heading_error=+0.00deg | NAV v=+0.100 w=-0.000 steer=-0.0deg age=0.00s | CM v=+0.100 w=-0.000 steer=-0.0deg age=0.03s | LIM v=+0.100 w=-0.000 steer=-0.0deg age=0.02s | MEASURED=-0.0deg age=0.02s
t=  79.2 clr=1.077 xte=0.000 heading_error=-0.00deg | NAV v=+0.100 w=-0.000 steer=-0.0deg age=0.00s | CM v=+0.100 w=-0.000 steer=-0.0deg age=0.03s | LIM v=+0.100 w=-0.000 steer=-0.0deg age=0.02s | MEASURED=-0.0deg age=0.02s
t=  79.7 clr=1.126 xte=0.000 heading_error=-0.00deg | NAV v=+0.100 w=-0.000 steer=-0.0deg age=0.01s | CM v=+0.100 w=-0.000 steer=-0.0deg age=0.04s | LIM v=+0.100 w=-0.000 steer=-0.0deg age=0.02s | MEASURED=-0.0deg age=0.02s
t=  80.2 clr=1.175 xte=0.000 heading_error=-0.00deg | NAV v=+0.100 w=-0.000 steer=-0.0deg age=0.01s | CM v=+0.100 w=-0.000 steer=-0.0deg age=0.04s | LIM v=+0.100 w=-0.000 steer=-0.0deg age=0.02s | MEASURED=-0.0deg age=0.02s
t=  80.7 clr=1.225 xte=0.000 heading_error=-0.00deg | NAV v=+0.100 w=-0.000 steer=-0.0deg age=0.01s | CM v=+0.100 w=-0.000 steer=-0.0deg age=0.04s | LIM v=+0.100 w=-0.000 steer=-0.0deg age=0.02s | MEASURED=-0.0deg age=0.02s
t=  81.2 clr=1.274 xte=0.000 heading_error=-0.00deg | NAV v=+0.100 w=+0.000 steer=+0.0deg age=0.01s | CM v=+0.100 w=+0.000 steer=+0.0deg age=0.04s | LIM v=+0.100 w=+0.000 steer=+0.0deg age=0.02s | MEASURED=+0.0deg age=0.02s
t=  81.7 clr=1.326 xte=0.000 heading_error=-0.00deg | NAV v=+0.100 w=+0.000 steer=+0.0deg age=0.01s | CM v=+0.100 w=+0.000 steer=+0.0deg age=0.04s | LIM v=+0.100 w=+0.000 steer=+0.0deg age=0.02s | MEASURED=+0.0deg age=0.02s
t=  82.2 clr=1.373 xte=0.000 heading_error=-0.00deg | NAV v=+0.100 w=+0.000 steer=+0.0deg age=0.01s | CM v=+0.100 w=+0.000 steer=+0.0deg age=0.04s | LIM v=+0.100 w=+0.000 steer=+0.0deg age=0.02s | MEASURED=+0.0deg age=0.02s
t=  82.7 clr=1.423 xte=0.000 heading_error=-0.00deg | NAV v=+0.100 w=-0.000 steer=-0.0deg age=0.01s | CM v=+0.100 w=+0.000 steer=+0.0deg age=0.04s | LIM v=+0.100 w=+0.000 steer=+0.0deg age=0.02s | MEASURED=+0.0deg age=0.02s
t=  83.2 clr=1.472 xte=0.000 heading_error=-0.00deg | NAV v=+0.100 w=-0.000 steer=-0.0deg age=0.01s | CM v=+0.100 w=-0.000 steer=-0.0deg age=0.05s | LIM v=+0.100 w=-0.000 steer=-0.0deg age=0.02s | MEASURED=-0.0deg age=0.02s
t=  83.7 clr=1.521 xte=0.000 heading_error=+0.00deg | NAV v=+0.100 w=-0.000 steer=-0.0deg age=0.01s | CM v=+0.100 w=-0.000 steer=-0.0deg age=0.05s | LIM v=+0.100 w=-0.000 steer=-0.0deg age=0.02s | MEASURED=-0.0deg age=0.02s
t=  84.2 clr=1.571 xte=0.000 heading_error=-0.00deg | NAV v=+0.100 w=-0.000 steer=-0.0deg age=0.01s | CM v=+0.100 w=-0.000 steer=-0.0deg age=0.05s | LIM v=+0.100 w=-0.000 steer=-0.0deg age=0.02s | MEASURED=-0.0deg age=0.02s
t=  84.7 clr=1.621 xte=0.000 heading_error=-0.00deg | NAV v=+0.100 w=-0.000 steer=-0.0deg age=0.01s | CM v=+0.100 w=-0.000 steer=-0.0deg age=0.05s | LIM v=+0.100 w=-0.000 steer=-0.0deg age=0.02s | MEASURED=-0.0deg age=0.02s
t=  85.2 clr=1.670 xte=0.000 heading_error=-0.00deg | NAV v=+0.100 w=+0.000 steer=+0.0deg age=0.01s | CM v=+0.100 w=+0.000 steer=+0.0deg age=0.05s | LIM v=+0.100 w=+0.000 steer=+0.0deg age=0.02s | MEASURED=+0.0deg age=0.02s
t=  85.7 clr=1.720 xte=0.000 heading_error=-0.00deg | NAV v=+0.100 w=+0.000 steer=+0.0deg age=0.01s | CM v=+0.100 w=+0.000 steer=+0.0deg age=0.05s | LIM v=+0.100 w=+0.000 steer=+0.0deg age=0.02s | MEASURED=+0.0deg age=0.02s
t=  86.2 clr=1.770 xte=0.000 heading_error=-0.00deg | NAV v=+0.100 w=-0.000 steer=-0.0deg age=0.01s | CM v=+0.100 w=+0.000 steer=+0.0deg age=0.03s | LIM v=+0.100 w=+0.000 steer=+0.0deg age=0.02s | MEASURED=+0.0deg age=0.02s
t=  86.7 clr=1.819 xte=0.000 heading_error=-0.00deg | NAV v=+0.100 w=+0.000 steer=+0.0deg age=0.01s | CM v=+0.100 w=+0.000 steer=+0.0deg age=0.05s | LIM v=+0.100 w=+0.000 steer=+0.0deg age=0.02s | MEASURED=+0.0deg age=0.02s
t=  87.2 clr=1.869 xte=0.000 heading_error=-0.00deg | NAV v=+0.100 w=+0.000 steer=+0.0deg age=0.02s | CM v=+0.100 w=+0.000 steer=+0.0deg age=0.06s | LIM v=+0.100 w=+0.000 steer=+0.0deg age=0.02s | MEASURED=+0.0deg age=0.02s
t=  87.7 clr=1.919 xte=0.000 heading_error=-0.00deg | NAV v=+0.100 w=+0.000 steer=+0.0deg age=0.02s | CM v=+0.100 w=+0.000 steer=+0.0deg age=0.06s | LIM v=+0.100 w=+0.000 steer=+0.0deg age=0.02s | MEASURED=+0.0deg age=0.02s
t=  88.2 clr=1.969 xte=0.000 heading_error=-0.00deg | NAV v=+0.100 w=+0.000 steer=+0.0deg age=0.02s | CM v=+0.100 w=+0.000 steer=+0.0deg age=0.06s | LIM v=+0.100 w=+0.000 steer=+0.0deg age=0.02s | MEASURED=+0.0deg age=0.02s
t=  88.7 clr=2.019 xte=0.000 heading_error=-0.00deg | NAV v=+0.100 w=-0.000 steer=-0.0deg age=0.02s | CM v=+0.100 w=-0.000 steer=-0.0deg age=0.06s | LIM v=+0.100 w=-0.000 steer=-0.0deg age=0.02s | MEASURED=-0.0deg age=0.02s
t=  89.2 clr=2.068 xte=0.000 heading_error=+0.00deg | NAV v=+0.100 w=-0.000 steer=-0.0deg age=0.02s | CM v=+0.100 w=-0.000 steer=-0.0deg age=0.06s | LIM v=+0.100 w=-0.000 steer=-0.0deg age=0.02s | MEASURED=-0.0deg age=0.02s
t=  89.7 clr=2.118 xte=0.000 heading_error=+0.00deg | NAV v=+0.100 w=-0.000 steer=-0.0deg age=0.02s | CM v=+0.100 w=-0.000 steer=-0.0deg age=0.06s | LIM v=+0.100 w=-0.000 steer=-0.0deg age=0.02s | MEASURED=-0.0deg age=0.02s
t=  90.2 clr=2.168 xte=0.000 heading_error=+0.00deg | NAV v=+0.100 w=-0.000 steer=-0.0deg age=0.02s | CM v=+0.100 w=-0.000 steer=-0.0deg age=0.06s | LIM v=+0.100 w=-0.000 steer=-0.0deg age=0.02s | MEASURED=-0.0deg age=0.02s
t=  90.7 clr=2.218 xte=0.000 heading_error=+0.00deg | NAV v=+0.100 w=-0.000 steer=-0.0deg age=0.02s | CM v=+0.100 w=-0.000 steer=-0.0deg age=0.05s | LIM v=+0.100 w=-0.000 steer=-0.0deg age=0.02s | MEASURED=-0.0deg age=0.02s
t=  91.2 clr=2.267 xte=0.000 heading_error=+0.00deg | NAV v=+0.100 w=-0.000 steer=-0.0deg age=0.02s | CM v=+0.100 w=-0.000 steer=-0.0deg age=0.01s | LIM v=+0.100 w=-0.000 steer=-0.0deg age=0.02s | MEASURED=-0.0deg age=0.02s
t=  91.7 clr=2.317 xte=0.000 heading_error=+0.00deg | NAV v=+0.100 w=-0.000 steer=-0.0deg age=0.02s | CM v=+0.100 w=-0.000 steer=-0.0deg age=0.01s | LIM v=+0.100 w=-0.000 steer=-0.0deg age=0.02s | MEASURED=-0.0deg age=0.02s
t=  92.2 clr=2.367 xte=0.000 heading_error=-0.00deg | NAV v=+0.100 w=-0.000 steer=-0.0deg age=0.02s | CM v=+0.100 w=-0.000 steer=-0.0deg age=0.01s | LIM v=+0.100 w=-0.000 steer=-0.0deg age=0.02s | MEASURED=-0.0deg age=0.02s
t=  92.7 clr=2.417 xte=0.000 heading_error=-0.00deg | NAV v=+0.100 w=+0.000 steer=+0.0deg age=0.02s | CM v=+0.100 w=+0.000 steer=+0.0deg age=0.01s | LIM v=+0.100 w=-0.000 steer=-0.0deg age=0.02s | MEASURED=-0.0deg age=0.02s
t=  93.2 clr=2.467 xte=0.000 heading_error=-0.00deg | NAV v=+0.100 w=+0.000 steer=+0.0deg age=0.02s | CM v=+0.100 w=+0.000 steer=+0.0deg age=0.01s | LIM v=+0.100 w=+0.000 steer=+0.0deg age=0.02s | MEASURED=+0.0deg age=0.02s
t=  93.7 clr=2.517 xte=0.000 heading_error=-0.00deg | NAV v=+0.100 w=+0.000 steer=+0.0deg age=0.03s | CM v=+0.100 w=+0.000 steer=+0.0deg age=0.02s | LIM v=+0.100 w=+0.000 steer=+0.0deg age=0.02s | MEASURED=+0.0deg age=0.02s
t=  94.2 clr=2.567 xte=0.000 heading_error=-0.00deg | NAV v=+0.100 w=+0.000 steer=+0.0deg age=0.03s | CM v=+0.100 w=+0.000 steer=+0.0deg age=0.02s | LIM v=+0.100 w=+0.000 steer=+0.0deg age=0.02s | MEASURED=+0.0deg age=0.02s
t=  94.7 clr=2.616 xte=0.000 heading_error=-0.00deg | NAV v=+0.100 w=+0.000 steer=+0.0deg age=0.03s | CM v=+0.100 w=+0.000 steer=+0.0deg age=0.02s | LIM v=+0.100 w=+0.000 steer=+0.0deg age=0.02s | MEASURED=+0.0deg age=0.02s
t=  95.2 clr=2.666 xte=0.000 heading_error=-0.00deg | NAV v=+0.100 w=+0.000 steer=+0.0deg age=0.03s | CM v=+0.100 w=+0.000 steer=+0.0deg age=0.02s | LIM v=+0.100 w=+0.000 steer=+0.0deg age=0.02s | MEASURED=+0.0deg age=0.02s
t=  95.7 clr=2.716 xte=0.000 heading_error=-0.00deg | NAV v=+0.100 w=+0.000 steer=+0.0deg age=0.03s | CM v=+0.100 w=+0.000 steer=+0.0deg age=0.02s | LIM v=+0.100 w=+0.000 steer=+0.0deg age=0.02s | MEASURED=+0.0deg age=0.02s
t=  96.2 clr=2.766 xte=0.000 heading_error=-0.00deg | NAV v=+0.100 w=+0.000 steer=+0.0deg age=0.03s | CM v=+0.100 w=+0.000 steer=+0.0deg age=0.02s | LIM v=+0.100 w=+0.000 steer=+0.0deg age=0.02s | MEASURED=+0.0deg age=0.02s
t=  96.7 clr=2.816 xte=0.000 heading_error=-0.00deg | NAV v=+0.100 w=+0.000 steer=+0.0deg age=0.03s | CM v=+0.100 w=+0.000 steer=+0.0deg age=0.01s | LIM v=+0.100 w=+0.000 steer=+0.0deg age=0.02s | MEASURED=+0.0deg age=0.02s
t=  97.2 clr=2.866 xte=0.000 heading_error=-0.00deg | NAV v=+0.100 w=+0.000 steer=+0.0deg age=0.03s | CM v=+0.100 w=+0.000 steer=+0.0deg age=0.01s | LIM v=+0.100 w=+0.000 steer=+0.0deg age=0.02s | MEASURED=+0.0deg age=0.02s
t=  97.7 clr=2.916 xte=0.000 heading_error=-0.00deg | NAV v=+0.100 w=+0.000 steer=+0.0deg age=0.03s | CM v=+0.100 w=+0.000 steer=+0.0deg age=0.01s | LIM v=+0.100 w=+0.000 steer=+0.0deg age=0.02s | MEASURED=+0.0deg age=0.02s
t=  98.2 clr=2.966 xte=0.000 heading_error=-0.00deg | NAV v=+0.100 w=+0.000 steer=+0.0deg age=0.03s | CM v=+0.100 w=+0.000 steer=+0.0deg age=0.01s | LIM v=+0.100 w=+0.000 steer=+0.0deg age=0.02s | MEASURED=+0.0deg age=0.02s
ANGLED PILLAR PASSAGE / LOOKAHEAD 0.6m: status=4; stopped=True; minimum sampled clearance=0.1622m

PASSAGE VERIFIED: goal distance=0.295m; final heading error=+0.09deg
Odometry confirms stopped: True
Original lookahead settings restored.
